Archive member included to satisfy reference by file (symbol)

/Users/mmittek/ArduinoGutts/Java/hardware/tools/avr/bin/../lib/gcc/avr/4.8.1/avr5/libgcc.a(_mulsi3.o)
                              ./main.o (__mulsi3)
/Users/mmittek/ArduinoGutts/Java/hardware/tools/avr/bin/../lib/gcc/avr/4.8.1/avr5/libgcc.a(_divmodhi4.o)
                              ./main.o (__divmodhi4)
/Users/mmittek/ArduinoGutts/Java/hardware/tools/avr/bin/../lib/gcc/avr/4.8.1/avr5/libgcc.a(_udivmodsi4.o)
                              ./main.o (__udivmodsi4)
/Users/mmittek/ArduinoGutts/Java/hardware/tools/avr/bin/../lib/gcc/avr/4.8.1/avr5/libgcc.a(_exit.o)
                              /Users/mmittek/ArduinoGutts/Java/hardware/tools/avr/bin/../lib/gcc/avr/4.8.1/../../../../avr/lib/avr5/crtm328p.o (exit)
/Users/mmittek/ArduinoGutts/Java/hardware/tools/avr/bin/../lib/gcc/avr/4.8.1/avr5/libgcc.a(_tablejump.o)
                              ./main.o (__tablejump2__)
/Users/mmittek/ArduinoGutts/Java/hardware/tools/avr/bin/../lib/gcc/avr/4.8.1/avr5/libgcc.a(_copy_data.o)
                              ./USART.o (__do_copy_data)
/Users/mmittek/ArduinoGutts/Java/hardware/tools/avr/bin/../lib/gcc/avr/4.8.1/avr5/libgcc.a(_clear_bss.o)
                              ./ADC.o (__do_clear_bss)
/Users/mmittek/ArduinoGutts/Java/hardware/tools/avr/bin/../lib/gcc/avr/4.8.1/avr5/libgcc.a(_muluhisi3.o)
                              /Users/mmittek/ArduinoGutts/Java/hardware/tools/avr/bin/../lib/gcc/avr/4.8.1/avr5/libgcc.a(_mulsi3.o) (__muluhisi3)
/Users/mmittek/ArduinoGutts/Java/hardware/tools/avr/bin/../lib/gcc/avr/4.8.1/avr5/libgcc.a(_udivmodhi4.o)
                              /Users/mmittek/ArduinoGutts/Java/hardware/tools/avr/bin/../lib/gcc/avr/4.8.1/avr5/libgcc.a(_divmodhi4.o) (__udivmodhi4)
/Users/mmittek/ArduinoGutts/Java/hardware/tools/avr/bin/../lib/gcc/avr/4.8.1/avr5/libgcc.a(_umulhisi3.o)
                              /Users/mmittek/ArduinoGutts/Java/hardware/tools/avr/bin/../lib/gcc/avr/4.8.1/avr5/libgcc.a(_muluhisi3.o) (__umulhisi3)
/Users/mmittek/ArduinoGutts/Java/hardware/tools/avr/bin/../lib/gcc/avr/4.8.1/../../../../avr/lib/avr5/libc.a(sprintf.o)
                              ./main.o (sprintf)
/Users/mmittek/ArduinoGutts/Java/hardware/tools/avr/bin/../lib/gcc/avr/4.8.1/../../../../avr/lib/avr5/libc.a(vfprintf_std.o)
                              /Users/mmittek/ArduinoGutts/Java/hardware/tools/avr/bin/../lib/gcc/avr/4.8.1/../../../../avr/lib/avr5/libc.a(sprintf.o) (vfprintf)
/Users/mmittek/ArduinoGutts/Java/hardware/tools/avr/bin/../lib/gcc/avr/4.8.1/../../../../avr/lib/avr5/libc.a(strnlen_P.o)
                              /Users/mmittek/ArduinoGutts/Java/hardware/tools/avr/bin/../lib/gcc/avr/4.8.1/../../../../avr/lib/avr5/libc.a(vfprintf_std.o) (strnlen_P)
/Users/mmittek/ArduinoGutts/Java/hardware/tools/avr/bin/../lib/gcc/avr/4.8.1/../../../../avr/lib/avr5/libc.a(strnlen.o)
                              /Users/mmittek/ArduinoGutts/Java/hardware/tools/avr/bin/../lib/gcc/avr/4.8.1/../../../../avr/lib/avr5/libc.a(vfprintf_std.o) (strnlen)
/Users/mmittek/ArduinoGutts/Java/hardware/tools/avr/bin/../lib/gcc/avr/4.8.1/../../../../avr/lib/avr5/libc.a(fputc.o)
                              /Users/mmittek/ArduinoGutts/Java/hardware/tools/avr/bin/../lib/gcc/avr/4.8.1/../../../../avr/lib/avr5/libc.a(vfprintf_std.o) (fputc)
/Users/mmittek/ArduinoGutts/Java/hardware/tools/avr/bin/../lib/gcc/avr/4.8.1/../../../../avr/lib/avr5/libc.a(ultoa_invert.o)
                              /Users/mmittek/ArduinoGutts/Java/hardware/tools/avr/bin/../lib/gcc/avr/4.8.1/../../../../avr/lib/avr5/libc.a(vfprintf_std.o) (__ultoa_invert)
/Users/mmittek/ArduinoGutts/Java/hardware/tools/avr/bin/../lib/gcc/avr/4.8.1/avr5/libgcc.a(_prologue.o)
                              /Users/mmittek/ArduinoGutts/Java/hardware/tools/avr/bin/../lib/gcc/avr/4.8.1/../../../../avr/lib/avr5/libc.a(sprintf.o) (__prologue_saves__)
/Users/mmittek/ArduinoGutts/Java/hardware/tools/avr/bin/../lib/gcc/avr/4.8.1/avr5/libgcc.a(_epilogue.o)
                              /Users/mmittek/ArduinoGutts/Java/hardware/tools/avr/bin/../lib/gcc/avr/4.8.1/../../../../avr/lib/avr5/libc.a(sprintf.o) (__epilogue_restores__)

Allocating common symbols
Common symbol       size              file

crankEventsArr      0x5               ./main.o
myEvents            0x20              ./main.o
meas                0x2               ./main.o

Memory Configuration

Name             Origin             Length             Attributes
text             0x00000000         0x00020000         xr
data             0x00800060         0x0000ffa0         rw !x
eeprom           0x00810000         0x00010000         rw !x
fuse             0x00820000         0x00000400         rw !x
lock             0x00830000         0x00000400         rw !x
signature        0x00840000         0x00000400         rw !x
*default*        0x00000000         0xffffffff

Linker script and memory map

Address of section .data set to 0x800100
LOAD /Users/mmittek/ArduinoGutts/Java/hardware/tools/avr/bin/../lib/gcc/avr/4.8.1/../../../../avr/lib/avr5/crtm328p.o
LOAD ./ADC.o
LOAD ./USART.o
LOAD ./main.o
START GROUP
LOAD /Users/mmittek/ArduinoGutts/Java/hardware/tools/avr/bin/../lib/gcc/avr/4.8.1/avr5/libgcc.a
LOAD /Users/mmittek/ArduinoGutts/Java/hardware/tools/avr/bin/../lib/gcc/avr/4.8.1/../../../../avr/lib/avr5/libm.a
LOAD /Users/mmittek/ArduinoGutts/Java/hardware/tools/avr/bin/../lib/gcc/avr/4.8.1/../../../../avr/lib/avr5/libc.a
END GROUP

.hash
 *(.hash)

.dynsym
 *(.dynsym)

.dynstr
 *(.dynstr)

.gnu.version
 *(.gnu.version)

.gnu.version_d
 *(.gnu.version_d)

.gnu.version_r
 *(.gnu.version_r)

.rel.init
 *(.rel.init)

.rela.init
 *(.rela.init)

.rel.text
 *(.rel.text)
 *(.rel.text.*)
 *(.rel.gnu.linkonce.t*)

.rela.text
 *(.rela.text)
 *(.rela.text.*)
 *(.rela.gnu.linkonce.t*)

.rel.fini
 *(.rel.fini)

.rela.fini
 *(.rela.fini)

.rel.rodata
 *(.rel.rodata)
 *(.rel.rodata.*)
 *(.rel.gnu.linkonce.r*)

.rela.rodata
 *(.rela.rodata)
 *(.rela.rodata.*)
 *(.rela.gnu.linkonce.r*)

.rel.data
 *(.rel.data)
 *(.rel.data.*)
 *(.rel.gnu.linkonce.d*)

.rela.data
 *(.rela.data)
 *(.rela.data.*)
 *(.rela.gnu.linkonce.d*)

.rel.ctors
 *(.rel.ctors)

.rela.ctors
 *(.rela.ctors)

.rel.dtors
 *(.rel.dtors)

.rela.dtors
 *(.rela.dtors)

.rel.got
 *(.rel.got)

.rela.got
 *(.rela.got)

.rel.bss
 *(.rel.bss)

.rela.bss
 *(.rela.bss)

.rel.plt
 *(.rel.plt)

.rela.plt
 *(.rela.plt)

.text           0x00000000      0xd6c
 *(.vectors)
 .vectors       0x00000000       0x68 /Users/mmittek/ArduinoGutts/Java/hardware/tools/avr/bin/../lib/gcc/avr/4.8.1/../../../../avr/lib/avr5/crtm328p.o
                0x00000000                __vectors
                0x00000000                __vector_default
 *(.vectors)
 *(.progmem.gcc*)
 .progmem.gcc_sw_table.executeEventAction
                0x00000068       0x10 ./main.o
                0x00000078                . = ALIGN (0x2)
                0x00000078                __trampolines_start = .
 *(.trampolines)
 .trampolines   0x00000078        0x0 linker stubs
 *(.trampolines*)
                0x00000078                __trampolines_end = .
 *(.progmem*)
                0x00000078                . = ALIGN (0x2)
 *(.jumptables)
 *(.jumptables*)
 *(.lowtext)
 *(.lowtext*)
                0x00000078                __ctors_start = .
 *(.ctors)
                0x00000078                __ctors_end = .
                0x00000078                __dtors_start = .
 *(.dtors)
                0x00000078                __dtors_end = .
 SORT(*)(.ctors)
 SORT(*)(.dtors)
 *(.init0)
 .init0         0x00000078        0x0 /Users/mmittek/ArduinoGutts/Java/hardware/tools/avr/bin/../lib/gcc/avr/4.8.1/../../../../avr/lib/avr5/crtm328p.o
                0x00000078                __init
 *(.init0)
 *(.init1)
 *(.init1)
 *(.init2)
 .init2         0x00000078        0xc /Users/mmittek/ArduinoGutts/Java/hardware/tools/avr/bin/../lib/gcc/avr/4.8.1/../../../../avr/lib/avr5/crtm328p.o
 *(.init2)
 *(.init3)
 *(.init3)
 *(.init4)
 .init4         0x00000084       0x16 /Users/mmittek/ArduinoGutts/Java/hardware/tools/avr/bin/../lib/gcc/avr/4.8.1/avr5/libgcc.a(_copy_data.o)
                0x00000084                __do_copy_data
 .init4         0x0000009a       0x10 /Users/mmittek/ArduinoGutts/Java/hardware/tools/avr/bin/../lib/gcc/avr/4.8.1/avr5/libgcc.a(_clear_bss.o)
                0x0000009a                __do_clear_bss
 *(.init4)
 *(.init5)
 *(.init5)
 *(.init6)
 *(.init6)
 *(.init7)
 *(.init7)
 *(.init8)
 *(.init8)
 *(.init9)
 .init9         0x000000aa        0x8 /Users/mmittek/ArduinoGutts/Java/hardware/tools/avr/bin/../lib/gcc/avr/4.8.1/../../../../avr/lib/avr5/crtm328p.o
 *(.init9)
 *(.text)
 .text          0x000000b2        0x4 /Users/mmittek/ArduinoGutts/Java/hardware/tools/avr/bin/../lib/gcc/avr/4.8.1/../../../../avr/lib/avr5/crtm328p.o
                0x000000b2                __vector_20
                0x000000b2                __vector_1
                0x000000b2                __vector_24
                0x000000b2                __vector_12
                0x000000b2                __bad_interrupt
                0x000000b2                __vector_6
                0x000000b2                __vector_23
                0x000000b2                __vector_25
                0x000000b2                __vector_17
                0x000000b2                __vector_19
                0x000000b2                __vector_4
                0x000000b2                __vector_9
                0x000000b2                __vector_2
                0x000000b2                __vector_15
                0x000000b2                __vector_8
                0x000000b2                __vector_14
                0x000000b2                __vector_10
                0x000000b2                __vector_18
                0x000000b2                __vector_22
 .text          0x000000b6        0x0 ./ADC.o
 .text          0x000000b6        0x0 ./USART.o
 .text          0x000000b6        0x0 ./main.o
 .text          0x000000b6        0x0 /Users/mmittek/ArduinoGutts/Java/hardware/tools/avr/bin/../lib/gcc/avr/4.8.1/avr5/libgcc.a(_mulsi3.o)
 .text          0x000000b6        0x0 /Users/mmittek/ArduinoGutts/Java/hardware/tools/avr/bin/../lib/gcc/avr/4.8.1/avr5/libgcc.a(_divmodhi4.o)
 .text          0x000000b6        0x0 /Users/mmittek/ArduinoGutts/Java/hardware/tools/avr/bin/../lib/gcc/avr/4.8.1/avr5/libgcc.a(_udivmodsi4.o)
 .text          0x000000b6        0x0 /Users/mmittek/ArduinoGutts/Java/hardware/tools/avr/bin/../lib/gcc/avr/4.8.1/avr5/libgcc.a(_exit.o)
 .text          0x000000b6        0x0 /Users/mmittek/ArduinoGutts/Java/hardware/tools/avr/bin/../lib/gcc/avr/4.8.1/avr5/libgcc.a(_tablejump.o)
 .text          0x000000b6        0x0 /Users/mmittek/ArduinoGutts/Java/hardware/tools/avr/bin/../lib/gcc/avr/4.8.1/avr5/libgcc.a(_copy_data.o)
 .text          0x000000b6        0x0 /Users/mmittek/ArduinoGutts/Java/hardware/tools/avr/bin/../lib/gcc/avr/4.8.1/avr5/libgcc.a(_clear_bss.o)
 .text          0x000000b6        0x0 /Users/mmittek/ArduinoGutts/Java/hardware/tools/avr/bin/../lib/gcc/avr/4.8.1/avr5/libgcc.a(_muluhisi3.o)
 .text          0x000000b6        0x0 /Users/mmittek/ArduinoGutts/Java/hardware/tools/avr/bin/../lib/gcc/avr/4.8.1/avr5/libgcc.a(_udivmodhi4.o)
 .text          0x000000b6        0x0 /Users/mmittek/ArduinoGutts/Java/hardware/tools/avr/bin/../lib/gcc/avr/4.8.1/avr5/libgcc.a(_umulhisi3.o)
 .text          0x000000b6        0x0 /Users/mmittek/ArduinoGutts/Java/hardware/tools/avr/bin/../lib/gcc/avr/4.8.1/../../../../avr/lib/avr5/libc.a(sprintf.o)
 .text          0x000000b6        0x0 /Users/mmittek/ArduinoGutts/Java/hardware/tools/avr/bin/../lib/gcc/avr/4.8.1/../../../../avr/lib/avr5/libc.a(vfprintf_std.o)
 .text          0x000000b6        0x0 /Users/mmittek/ArduinoGutts/Java/hardware/tools/avr/bin/../lib/gcc/avr/4.8.1/../../../../avr/lib/avr5/libc.a(strnlen_P.o)
 .text          0x000000b6        0x0 /Users/mmittek/ArduinoGutts/Java/hardware/tools/avr/bin/../lib/gcc/avr/4.8.1/../../../../avr/lib/avr5/libc.a(strnlen.o)
 .text          0x000000b6        0x0 /Users/mmittek/ArduinoGutts/Java/hardware/tools/avr/bin/../lib/gcc/avr/4.8.1/../../../../avr/lib/avr5/libc.a(fputc.o)
 .text          0x000000b6        0x0 /Users/mmittek/ArduinoGutts/Java/hardware/tools/avr/bin/../lib/gcc/avr/4.8.1/../../../../avr/lib/avr5/libc.a(ultoa_invert.o)
 .text          0x000000b6        0x0 /Users/mmittek/ArduinoGutts/Java/hardware/tools/avr/bin/../lib/gcc/avr/4.8.1/avr5/libgcc.a(_prologue.o)
 .text          0x000000b6        0x0 /Users/mmittek/ArduinoGutts/Java/hardware/tools/avr/bin/../lib/gcc/avr/4.8.1/avr5/libgcc.a(_epilogue.o)
                0x000000b6                . = ALIGN (0x2)
 *(.text.*)
 .text.__vector_21
                0x000000b6       0x3a ./ADC.o
                0x000000b6                __vector_21
 .text.ADC_Init
                0x000000f0       0x1e ./ADC.o
                0x000000f0                ADC_Init
 .text.ADC_Convert
                0x0000010e       0x36 ./ADC.o
                0x0000010e                ADC_Convert
 .text.USART_Init
                0x00000144       0x18 ./USART.o
                0x00000144                USART_Init
 .text.USART_Transmit
                0x0000015c        0xe ./USART.o
                0x0000015c                USART_Transmit
 .text.USART_Print
                0x0000016a       0x18 ./USART.o
                0x0000016a                USART_Print
 .text.__vector_13
                0x00000182       0x1c ./main.o
                0x00000182                __vector_13
 .text.__vector_16
                0x0000019e       0x18 ./main.o
                0x0000019e                __vector_16
 .text.getNowTicks
                0x000001b6        0xe ./main.o
                0x000001b6                getNowTicks
 .text.__vector_3
                0x000001c4       0xd6 ./main.o
                0x000001c4                __vector_3
 .text.__vector_7
                0x0000029a       0x1e ./main.o
                0x0000029a                __vector_7
 .text.timer2_start
                0x000002b8       0x22 ./main.o
                0x000002b8                timer2_start
 .text.timer1_countTo
                0x000002da       0x1c ./main.o
                0x000002da                timer1_countTo
 .text.timer1_stop
                0x000002f6        0xa ./main.o
                0x000002f6                timer1_stop
 .text.findFirstEvent
                0x00000300       0x2e ./main.o
                0x00000300                findFirstEvent
 .text.undoAllEvents
                0x0000032e       0x12 ./main.o
                0x0000032e                undoAllEvents
 .text.executeEventAction
                0x00000340       0x1c ./main.o
                0x00000340                executeEventAction
 .text.__vector_11
                0x0000035c       0xa8 ./main.o
                0x0000035c                __vector_11
 .text.timer1_start
                0x00000404       0x1a ./main.o
                0x00000404                timer1_start
 .text.__vector_5
                0x0000041e       0xce ./main.o
                0x0000041e                __vector_5
 .text.startup.main
                0x000004ec      0x1e6 ./main.o
                0x000004ec                main
 .text.libgcc.mul
                0x000006d2       0x20 /Users/mmittek/ArduinoGutts/Java/hardware/tools/avr/bin/../lib/gcc/avr/4.8.1/avr5/libgcc.a(_mulsi3.o)
                0x000006d2                __mulsi3
 .text.libgcc.div
                0x000006f2        0x0 /Users/mmittek/ArduinoGutts/Java/hardware/tools/avr/bin/../lib/gcc/avr/4.8.1/avr5/libgcc.a(_mulsi3.o)
 .text.libgcc   0x000006f2        0x0 /Users/mmittek/ArduinoGutts/Java/hardware/tools/avr/bin/../lib/gcc/avr/4.8.1/avr5/libgcc.a(_mulsi3.o)
 .text.libgcc.prologue
                0x000006f2        0x0 /Users/mmittek/ArduinoGutts/Java/hardware/tools/avr/bin/../lib/gcc/avr/4.8.1/avr5/libgcc.a(_mulsi3.o)
 .text.libgcc.builtins
                0x000006f2        0x0 /Users/mmittek/ArduinoGutts/Java/hardware/tools/avr/bin/../lib/gcc/avr/4.8.1/avr5/libgcc.a(_mulsi3.o)
 .text.libgcc.fmul
                0x000006f2        0x0 /Users/mmittek/ArduinoGutts/Java/hardware/tools/avr/bin/../lib/gcc/avr/4.8.1/avr5/libgcc.a(_mulsi3.o)
 .text.libgcc.fixed
                0x000006f2        0x0 /Users/mmittek/ArduinoGutts/Java/hardware/tools/avr/bin/../lib/gcc/avr/4.8.1/avr5/libgcc.a(_mulsi3.o)
 .text.libgcc.mul
                0x000006f2        0x0 /Users/mmittek/ArduinoGutts/Java/hardware/tools/avr/bin/../lib/gcc/avr/4.8.1/avr5/libgcc.a(_divmodhi4.o)
 .text.libgcc.div
                0x000006f2       0x28 /Users/mmittek/ArduinoGutts/Java/hardware/tools/avr/bin/../lib/gcc/avr/4.8.1/avr5/libgcc.a(_divmodhi4.o)
                0x000006f2                __divmodhi4
                0x000006f2                _div
 .text.libgcc   0x0000071a        0x0 /Users/mmittek/ArduinoGutts/Java/hardware/tools/avr/bin/../lib/gcc/avr/4.8.1/avr5/libgcc.a(_divmodhi4.o)
 .text.libgcc.prologue
                0x0000071a        0x0 /Users/mmittek/ArduinoGutts/Java/hardware/tools/avr/bin/../lib/gcc/avr/4.8.1/avr5/libgcc.a(_divmodhi4.o)
 .text.libgcc.builtins
                0x0000071a        0x0 /Users/mmittek/ArduinoGutts/Java/hardware/tools/avr/bin/../lib/gcc/avr/4.8.1/avr5/libgcc.a(_divmodhi4.o)
 .text.libgcc.fmul
                0x0000071a        0x0 /Users/mmittek/ArduinoGutts/Java/hardware/tools/avr/bin/../lib/gcc/avr/4.8.1/avr5/libgcc.a(_divmodhi4.o)
 .text.libgcc.fixed
                0x0000071a        0x0 /Users/mmittek/ArduinoGutts/Java/hardware/tools/avr/bin/../lib/gcc/avr/4.8.1/avr5/libgcc.a(_divmodhi4.o)
 .text.libgcc.mul
                0x0000071a        0x0 /Users/mmittek/ArduinoGutts/Java/hardware/tools/avr/bin/../lib/gcc/avr/4.8.1/avr5/libgcc.a(_udivmodsi4.o)
 .text.libgcc.div
                0x0000071a       0x44 /Users/mmittek/ArduinoGutts/Java/hardware/tools/avr/bin/../lib/gcc/avr/4.8.1/avr5/libgcc.a(_udivmodsi4.o)
                0x0000071a                __udivmodsi4
 .text.libgcc   0x0000075e        0x0 /Users/mmittek/ArduinoGutts/Java/hardware/tools/avr/bin/../lib/gcc/avr/4.8.1/avr5/libgcc.a(_udivmodsi4.o)
 .text.libgcc.prologue
                0x0000075e        0x0 /Users/mmittek/ArduinoGutts/Java/hardware/tools/avr/bin/../lib/gcc/avr/4.8.1/avr5/libgcc.a(_udivmodsi4.o)
 .text.libgcc.builtins
                0x0000075e        0x0 /Users/mmittek/ArduinoGutts/Java/hardware/tools/avr/bin/../lib/gcc/avr/4.8.1/avr5/libgcc.a(_udivmodsi4.o)
 .text.libgcc.fmul
                0x0000075e        0x0 /Users/mmittek/ArduinoGutts/Java/hardware/tools/avr/bin/../lib/gcc/avr/4.8.1/avr5/libgcc.a(_udivmodsi4.o)
 .text.libgcc.fixed
                0x0000075e        0x0 /Users/mmittek/ArduinoGutts/Java/hardware/tools/avr/bin/../lib/gcc/avr/4.8.1/avr5/libgcc.a(_udivmodsi4.o)
 .text.libgcc.mul
                0x0000075e        0x0 /Users/mmittek/ArduinoGutts/Java/hardware/tools/avr/bin/../lib/gcc/avr/4.8.1/avr5/libgcc.a(_exit.o)
 .text.libgcc.div
                0x0000075e        0x0 /Users/mmittek/ArduinoGutts/Java/hardware/tools/avr/bin/../lib/gcc/avr/4.8.1/avr5/libgcc.a(_exit.o)
 .text.libgcc   0x0000075e        0x0 /Users/mmittek/ArduinoGutts/Java/hardware/tools/avr/bin/../lib/gcc/avr/4.8.1/avr5/libgcc.a(_exit.o)
 .text.libgcc.prologue
                0x0000075e        0x0 /Users/mmittek/ArduinoGutts/Java/hardware/tools/avr/bin/../lib/gcc/avr/4.8.1/avr5/libgcc.a(_exit.o)
 .text.libgcc.builtins
                0x0000075e        0x0 /Users/mmittek/ArduinoGutts/Java/hardware/tools/avr/bin/../lib/gcc/avr/4.8.1/avr5/libgcc.a(_exit.o)
 .text.libgcc.fmul
                0x0000075e        0x0 /Users/mmittek/ArduinoGutts/Java/hardware/tools/avr/bin/../lib/gcc/avr/4.8.1/avr5/libgcc.a(_exit.o)
 .text.libgcc.fixed
                0x0000075e        0x0 /Users/mmittek/ArduinoGutts/Java/hardware/tools/avr/bin/../lib/gcc/avr/4.8.1/avr5/libgcc.a(_exit.o)
 .text.libgcc.mul
                0x0000075e        0x0 /Users/mmittek/ArduinoGutts/Java/hardware/tools/avr/bin/../lib/gcc/avr/4.8.1/avr5/libgcc.a(_tablejump.o)
 .text.libgcc.div
                0x0000075e        0x0 /Users/mmittek/ArduinoGutts/Java/hardware/tools/avr/bin/../lib/gcc/avr/4.8.1/avr5/libgcc.a(_tablejump.o)
 .text.libgcc   0x0000075e        0xc /Users/mmittek/ArduinoGutts/Java/hardware/tools/avr/bin/../lib/gcc/avr/4.8.1/avr5/libgcc.a(_tablejump.o)
                0x0000075e                __tablejump2__
                0x00000762                __tablejump__
 .text.libgcc.prologue
                0x0000076a        0x0 /Users/mmittek/ArduinoGutts/Java/hardware/tools/avr/bin/../lib/gcc/avr/4.8.1/avr5/libgcc.a(_tablejump.o)
 .text.libgcc.builtins
                0x0000076a        0x0 /Users/mmittek/ArduinoGutts/Java/hardware/tools/avr/bin/../lib/gcc/avr/4.8.1/avr5/libgcc.a(_tablejump.o)
 .text.libgcc.fmul
                0x0000076a        0x0 /Users/mmittek/ArduinoGutts/Java/hardware/tools/avr/bin/../lib/gcc/avr/4.8.1/avr5/libgcc.a(_tablejump.o)
 .text.libgcc.fixed
                0x0000076a        0x0 /Users/mmittek/ArduinoGutts/Java/hardware/tools/avr/bin/../lib/gcc/avr/4.8.1/avr5/libgcc.a(_tablejump.o)
 .text.libgcc.mul
                0x0000076a        0x0 /Users/mmittek/ArduinoGutts/Java/hardware/tools/avr/bin/../lib/gcc/avr/4.8.1/avr5/libgcc.a(_copy_data.o)
 .text.libgcc.div
                0x0000076a        0x0 /Users/mmittek/ArduinoGutts/Java/hardware/tools/avr/bin/../lib/gcc/avr/4.8.1/avr5/libgcc.a(_copy_data.o)
 .text.libgcc   0x0000076a        0x0 /Users/mmittek/ArduinoGutts/Java/hardware/tools/avr/bin/../lib/gcc/avr/4.8.1/avr5/libgcc.a(_copy_data.o)
 .text.libgcc.prologue
                0x0000076a        0x0 /Users/mmittek/ArduinoGutts/Java/hardware/tools/avr/bin/../lib/gcc/avr/4.8.1/avr5/libgcc.a(_copy_data.o)
 .text.libgcc.builtins
                0x0000076a        0x0 /Users/mmittek/ArduinoGutts/Java/hardware/tools/avr/bin/../lib/gcc/avr/4.8.1/avr5/libgcc.a(_copy_data.o)
 .text.libgcc.fmul
                0x0000076a        0x0 /Users/mmittek/ArduinoGutts/Java/hardware/tools/avr/bin/../lib/gcc/avr/4.8.1/avr5/libgcc.a(_copy_data.o)
 .text.libgcc.fixed
                0x0000076a        0x0 /Users/mmittek/ArduinoGutts/Java/hardware/tools/avr/bin/../lib/gcc/avr/4.8.1/avr5/libgcc.a(_copy_data.o)
 .text.libgcc.mul
                0x0000076a        0x0 /Users/mmittek/ArduinoGutts/Java/hardware/tools/avr/bin/../lib/gcc/avr/4.8.1/avr5/libgcc.a(_clear_bss.o)
 .text.libgcc.div
                0x0000076a        0x0 /Users/mmittek/ArduinoGutts/Java/hardware/tools/avr/bin/../lib/gcc/avr/4.8.1/avr5/libgcc.a(_clear_bss.o)
 .text.libgcc   0x0000076a        0x0 /Users/mmittek/ArduinoGutts/Java/hardware/tools/avr/bin/../lib/gcc/avr/4.8.1/avr5/libgcc.a(_clear_bss.o)
 .text.libgcc.prologue
                0x0000076a        0x0 /Users/mmittek/ArduinoGutts/Java/hardware/tools/avr/bin/../lib/gcc/avr/4.8.1/avr5/libgcc.a(_clear_bss.o)
 .text.libgcc.builtins
                0x0000076a        0x0 /Users/mmittek/ArduinoGutts/Java/hardware/tools/avr/bin/../lib/gcc/avr/4.8.1/avr5/libgcc.a(_clear_bss.o)
 .text.libgcc.fmul
                0x0000076a        0x0 /Users/mmittek/ArduinoGutts/Java/hardware/tools/avr/bin/../lib/gcc/avr/4.8.1/avr5/libgcc.a(_clear_bss.o)
 .text.libgcc.fixed
                0x0000076a        0x0 /Users/mmittek/ArduinoGutts/Java/hardware/tools/avr/bin/../lib/gcc/avr/4.8.1/avr5/libgcc.a(_clear_bss.o)
 .text.libgcc.mul
                0x0000076a       0x16 /Users/mmittek/ArduinoGutts/Java/hardware/tools/avr/bin/../lib/gcc/avr/4.8.1/avr5/libgcc.a(_muluhisi3.o)
                0x0000076a                __muluhisi3
 .text.libgcc.div
                0x00000780        0x0 /Users/mmittek/ArduinoGutts/Java/hardware/tools/avr/bin/../lib/gcc/avr/4.8.1/avr5/libgcc.a(_muluhisi3.o)
 .text.libgcc   0x00000780        0x0 /Users/mmittek/ArduinoGutts/Java/hardware/tools/avr/bin/../lib/gcc/avr/4.8.1/avr5/libgcc.a(_muluhisi3.o)
 .text.libgcc.prologue
                0x00000780        0x0 /Users/mmittek/ArduinoGutts/Java/hardware/tools/avr/bin/../lib/gcc/avr/4.8.1/avr5/libgcc.a(_muluhisi3.o)
 .text.libgcc.builtins
                0x00000780        0x0 /Users/mmittek/ArduinoGutts/Java/hardware/tools/avr/bin/../lib/gcc/avr/4.8.1/avr5/libgcc.a(_muluhisi3.o)
 .text.libgcc.fmul
                0x00000780        0x0 /Users/mmittek/ArduinoGutts/Java/hardware/tools/avr/bin/../lib/gcc/avr/4.8.1/avr5/libgcc.a(_muluhisi3.o)
 .text.libgcc.fixed
                0x00000780        0x0 /Users/mmittek/ArduinoGutts/Java/hardware/tools/avr/bin/../lib/gcc/avr/4.8.1/avr5/libgcc.a(_muluhisi3.o)
 .text.libgcc.mul
                0x00000780        0x0 /Users/mmittek/ArduinoGutts/Java/hardware/tools/avr/bin/../lib/gcc/avr/4.8.1/avr5/libgcc.a(_udivmodhi4.o)
 .text.libgcc.div
                0x00000780       0x28 /Users/mmittek/ArduinoGutts/Java/hardware/tools/avr/bin/../lib/gcc/avr/4.8.1/avr5/libgcc.a(_udivmodhi4.o)
                0x00000780                __udivmodhi4
 .text.libgcc   0x000007a8        0x0 /Users/mmittek/ArduinoGutts/Java/hardware/tools/avr/bin/../lib/gcc/avr/4.8.1/avr5/libgcc.a(_udivmodhi4.o)
 .text.libgcc.prologue
                0x000007a8        0x0 /Users/mmittek/ArduinoGutts/Java/hardware/tools/avr/bin/../lib/gcc/avr/4.8.1/avr5/libgcc.a(_udivmodhi4.o)
 .text.libgcc.builtins
                0x000007a8        0x0 /Users/mmittek/ArduinoGutts/Java/hardware/tools/avr/bin/../lib/gcc/avr/4.8.1/avr5/libgcc.a(_udivmodhi4.o)
 .text.libgcc.fmul
                0x000007a8        0x0 /Users/mmittek/ArduinoGutts/Java/hardware/tools/avr/bin/../lib/gcc/avr/4.8.1/avr5/libgcc.a(_udivmodhi4.o)
 .text.libgcc.fixed
                0x000007a8        0x0 /Users/mmittek/ArduinoGutts/Java/hardware/tools/avr/bin/../lib/gcc/avr/4.8.1/avr5/libgcc.a(_udivmodhi4.o)
 .text.libgcc.mul
                0x000007a8       0x1e /Users/mmittek/ArduinoGutts/Java/hardware/tools/avr/bin/../lib/gcc/avr/4.8.1/avr5/libgcc.a(_umulhisi3.o)
                0x000007a8                __umulhisi3
 .text.libgcc.div
                0x000007c6        0x0 /Users/mmittek/ArduinoGutts/Java/hardware/tools/avr/bin/../lib/gcc/avr/4.8.1/avr5/libgcc.a(_umulhisi3.o)
 .text.libgcc   0x000007c6        0x0 /Users/mmittek/ArduinoGutts/Java/hardware/tools/avr/bin/../lib/gcc/avr/4.8.1/avr5/libgcc.a(_umulhisi3.o)
 .text.libgcc.prologue
                0x000007c6        0x0 /Users/mmittek/ArduinoGutts/Java/hardware/tools/avr/bin/../lib/gcc/avr/4.8.1/avr5/libgcc.a(_umulhisi3.o)
 .text.libgcc.builtins
                0x000007c6        0x0 /Users/mmittek/ArduinoGutts/Java/hardware/tools/avr/bin/../lib/gcc/avr/4.8.1/avr5/libgcc.a(_umulhisi3.o)
 .text.libgcc.fmul
                0x000007c6        0x0 /Users/mmittek/ArduinoGutts/Java/hardware/tools/avr/bin/../lib/gcc/avr/4.8.1/avr5/libgcc.a(_umulhisi3.o)
 .text.libgcc.fixed
                0x000007c6        0x0 /Users/mmittek/ArduinoGutts/Java/hardware/tools/avr/bin/../lib/gcc/avr/4.8.1/avr5/libgcc.a(_umulhisi3.o)
 .text.avr-libc
                0x000007c6       0x44 /Users/mmittek/ArduinoGutts/Java/hardware/tools/avr/bin/../lib/gcc/avr/4.8.1/../../../../avr/lib/avr5/libc.a(sprintf.o)
                0x000007c6                sprintf
 .text.avr-libc
                0x0000080a      0x3a4 /Users/mmittek/ArduinoGutts/Java/hardware/tools/avr/bin/../lib/gcc/avr/4.8.1/../../../../avr/lib/avr5/libc.a(vfprintf_std.o)
                0x0000080a                vfprintf
 .text.avr-libc
                0x00000bae       0x16 /Users/mmittek/ArduinoGutts/Java/hardware/tools/avr/bin/../lib/gcc/avr/4.8.1/../../../../avr/lib/avr5/libc.a(strnlen_P.o)
                0x00000bae                strnlen_P
 .text.avr-libc
                0x00000bc4       0x16 /Users/mmittek/ArduinoGutts/Java/hardware/tools/avr/bin/../lib/gcc/avr/4.8.1/../../../../avr/lib/avr5/libc.a(strnlen.o)
                0x00000bc4                strnlen
 .text.avr-libc
                0x00000bda       0x64 /Users/mmittek/ArduinoGutts/Java/hardware/tools/avr/bin/../lib/gcc/avr/4.8.1/../../../../avr/lib/avr5/libc.a(fputc.o)
                0x00000bda                fputc
 .text.avr-libc
                0x00000c3e       0xbc /Users/mmittek/ArduinoGutts/Java/hardware/tools/avr/bin/../lib/gcc/avr/4.8.1/../../../../avr/lib/avr5/libc.a(ultoa_invert.o)
                0x00000c3e                __ultoa_invert
 .text.libgcc.mul
                0x00000cfa        0x0 /Users/mmittek/ArduinoGutts/Java/hardware/tools/avr/bin/../lib/gcc/avr/4.8.1/avr5/libgcc.a(_prologue.o)
 .text.libgcc.div
                0x00000cfa        0x0 /Users/mmittek/ArduinoGutts/Java/hardware/tools/avr/bin/../lib/gcc/avr/4.8.1/avr5/libgcc.a(_prologue.o)
 .text.libgcc   0x00000cfa        0x0 /Users/mmittek/ArduinoGutts/Java/hardware/tools/avr/bin/../lib/gcc/avr/4.8.1/avr5/libgcc.a(_prologue.o)
 .text.libgcc.prologue
                0x00000cfa       0x38 /Users/mmittek/ArduinoGutts/Java/hardware/tools/avr/bin/../lib/gcc/avr/4.8.1/avr5/libgcc.a(_prologue.o)
                0x00000cfa                __prologue_saves__
 .text.libgcc.builtins
                0x00000d32        0x0 /Users/mmittek/ArduinoGutts/Java/hardware/tools/avr/bin/../lib/gcc/avr/4.8.1/avr5/libgcc.a(_prologue.o)
 .text.libgcc.fmul
                0x00000d32        0x0 /Users/mmittek/ArduinoGutts/Java/hardware/tools/avr/bin/../lib/gcc/avr/4.8.1/avr5/libgcc.a(_prologue.o)
 .text.libgcc.fixed
                0x00000d32        0x0 /Users/mmittek/ArduinoGutts/Java/hardware/tools/avr/bin/../lib/gcc/avr/4.8.1/avr5/libgcc.a(_prologue.o)
 .text.libgcc.mul
                0x00000d32        0x0 /Users/mmittek/ArduinoGutts/Java/hardware/tools/avr/bin/../lib/gcc/avr/4.8.1/avr5/libgcc.a(_epilogue.o)
 .text.libgcc.div
                0x00000d32        0x0 /Users/mmittek/ArduinoGutts/Java/hardware/tools/avr/bin/../lib/gcc/avr/4.8.1/avr5/libgcc.a(_epilogue.o)
 .text.libgcc   0x00000d32        0x0 /Users/mmittek/ArduinoGutts/Java/hardware/tools/avr/bin/../lib/gcc/avr/4.8.1/avr5/libgcc.a(_epilogue.o)
 .text.libgcc.prologue
                0x00000d32       0x36 /Users/mmittek/ArduinoGutts/Java/hardware/tools/avr/bin/../lib/gcc/avr/4.8.1/avr5/libgcc.a(_epilogue.o)
                0x00000d32                __epilogue_restores__
 .text.libgcc.builtins
                0x00000d68        0x0 /Users/mmittek/ArduinoGutts/Java/hardware/tools/avr/bin/../lib/gcc/avr/4.8.1/avr5/libgcc.a(_epilogue.o)
 .text.libgcc.fmul
                0x00000d68        0x0 /Users/mmittek/ArduinoGutts/Java/hardware/tools/avr/bin/../lib/gcc/avr/4.8.1/avr5/libgcc.a(_epilogue.o)
 .text.libgcc.fixed
                0x00000d68        0x0 /Users/mmittek/ArduinoGutts/Java/hardware/tools/avr/bin/../lib/gcc/avr/4.8.1/avr5/libgcc.a(_epilogue.o)
                0x00000d68                . = ALIGN (0x2)
 *(.fini9)
 .fini9         0x00000d68        0x0 /Users/mmittek/ArduinoGutts/Java/hardware/tools/avr/bin/../lib/gcc/avr/4.8.1/avr5/libgcc.a(_exit.o)
                0x00000d68                exit
                0x00000d68                _exit
 *(.fini9)
 *(.fini8)
 *(.fini8)
 *(.fini7)
 *(.fini7)
 *(.fini6)
 *(.fini6)
 *(.fini5)
 *(.fini5)
 *(.fini4)
 *(.fini4)
 *(.fini3)
 *(.fini3)
 *(.fini2)
 *(.fini2)
 *(.fini1)
 *(.fini1)
 *(.fini0)
 .fini0         0x00000d68        0x4 /Users/mmittek/ArduinoGutts/Java/hardware/tools/avr/bin/../lib/gcc/avr/4.8.1/avr5/libgcc.a(_exit.o)
 *(.fini0)
                0x00000d6c                _etext = .

.data           0x00800100       0x30 load address 0x00000d6c
                0x00800100                PROVIDE (__data_start, .)
 *(.data)
 .data          0x00800100        0x0 /Users/mmittek/ArduinoGutts/Java/hardware/tools/avr/bin/../lib/gcc/avr/4.8.1/../../../../avr/lib/avr5/crtm328p.o
 .data          0x00800100        0x0 ./ADC.o
 .data          0x00800100        0x0 ./USART.o
 .data          0x00800100        0x0 ./main.o
 .data          0x00800100        0x0 /Users/mmittek/ArduinoGutts/Java/hardware/tools/avr/bin/../lib/gcc/avr/4.8.1/avr5/libgcc.a(_mulsi3.o)
 .data          0x00800100        0x0 /Users/mmittek/ArduinoGutts/Java/hardware/tools/avr/bin/../lib/gcc/avr/4.8.1/avr5/libgcc.a(_divmodhi4.o)
 .data          0x00800100        0x0 /Users/mmittek/ArduinoGutts/Java/hardware/tools/avr/bin/../lib/gcc/avr/4.8.1/avr5/libgcc.a(_udivmodsi4.o)
 .data          0x00800100        0x0 /Users/mmittek/ArduinoGutts/Java/hardware/tools/avr/bin/../lib/gcc/avr/4.8.1/avr5/libgcc.a(_exit.o)
 .data          0x00800100        0x0 /Users/mmittek/ArduinoGutts/Java/hardware/tools/avr/bin/../lib/gcc/avr/4.8.1/avr5/libgcc.a(_tablejump.o)
 .data          0x00800100        0x0 /Users/mmittek/ArduinoGutts/Java/hardware/tools/avr/bin/../lib/gcc/avr/4.8.1/avr5/libgcc.a(_copy_data.o)
 .data          0x00800100        0x0 /Users/mmittek/ArduinoGutts/Java/hardware/tools/avr/bin/../lib/gcc/avr/4.8.1/avr5/libgcc.a(_clear_bss.o)
 .data          0x00800100        0x0 /Users/mmittek/ArduinoGutts/Java/hardware/tools/avr/bin/../lib/gcc/avr/4.8.1/avr5/libgcc.a(_muluhisi3.o)
 .data          0x00800100        0x0 /Users/mmittek/ArduinoGutts/Java/hardware/tools/avr/bin/../lib/gcc/avr/4.8.1/avr5/libgcc.a(_udivmodhi4.o)
 .data          0x00800100        0x0 /Users/mmittek/ArduinoGutts/Java/hardware/tools/avr/bin/../lib/gcc/avr/4.8.1/avr5/libgcc.a(_umulhisi3.o)
 .data          0x00800100        0x0 /Users/mmittek/ArduinoGutts/Java/hardware/tools/avr/bin/../lib/gcc/avr/4.8.1/../../../../avr/lib/avr5/libc.a(sprintf.o)
 .data          0x00800100        0x0 /Users/mmittek/ArduinoGutts/Java/hardware/tools/avr/bin/../lib/gcc/avr/4.8.1/../../../../avr/lib/avr5/libc.a(vfprintf_std.o)
 .data          0x00800100        0x0 /Users/mmittek/ArduinoGutts/Java/hardware/tools/avr/bin/../lib/gcc/avr/4.8.1/../../../../avr/lib/avr5/libc.a(strnlen_P.o)
 .data          0x00800100        0x0 /Users/mmittek/ArduinoGutts/Java/hardware/tools/avr/bin/../lib/gcc/avr/4.8.1/../../../../avr/lib/avr5/libc.a(strnlen.o)
 .data          0x00800100        0x0 /Users/mmittek/ArduinoGutts/Java/hardware/tools/avr/bin/../lib/gcc/avr/4.8.1/../../../../avr/lib/avr5/libc.a(fputc.o)
 .data          0x00800100        0x0 /Users/mmittek/ArduinoGutts/Java/hardware/tools/avr/bin/../lib/gcc/avr/4.8.1/../../../../avr/lib/avr5/libc.a(ultoa_invert.o)
 .data          0x00800100        0x0 /Users/mmittek/ArduinoGutts/Java/hardware/tools/avr/bin/../lib/gcc/avr/4.8.1/avr5/libgcc.a(_prologue.o)
 .data          0x00800100        0x0 /Users/mmittek/ArduinoGutts/Java/hardware/tools/avr/bin/../lib/gcc/avr/4.8.1/avr5/libgcc.a(_epilogue.o)
 *(.data*)
 .data.currentState
                0x00800100        0x1 ./main.o
                0x00800100                currentState
 .data.ignitionTeeth
                0x00800101        0x4 ./main.o
                0x00800101                ignitionTeeth
 .data.ignitionAngles
                0x00800105        0x8 ./main.o
                0x00800105                ignitionAngles
 *(.rodata)
 *(.rodata*)
 .rodata.USART_MYUBRR
                0x0080010d        0x2 ./USART.o
                0x0080010d                USART_MYUBRR
 .rodata.str1.1
                0x0080010f       0x21 ./main.o
                                 0x25 (size before relaxing)
 *(.gnu.linkonce.d*)
                0x00800130                . = ALIGN (0x2)
                0x00800130                _edata = .
                0x00800130                PROVIDE (__data_end, .)

.bss            0x00800130       0x53
                0x00800130                PROVIDE (__bss_start, .)
 *(.bss)
 .bss           0x00800130        0x0 /Users/mmittek/ArduinoGutts/Java/hardware/tools/avr/bin/../lib/gcc/avr/4.8.1/../../../../avr/lib/avr5/crtm328p.o
 .bss           0x00800130        0x0 ./ADC.o
 .bss           0x00800130        0x0 ./USART.o
 .bss           0x00800130        0x0 ./main.o
 .bss           0x00800130        0x0 /Users/mmittek/ArduinoGutts/Java/hardware/tools/avr/bin/../lib/gcc/avr/4.8.1/avr5/libgcc.a(_mulsi3.o)
 .bss           0x00800130        0x0 /Users/mmittek/ArduinoGutts/Java/hardware/tools/avr/bin/../lib/gcc/avr/4.8.1/avr5/libgcc.a(_divmodhi4.o)
 .bss           0x00800130        0x0 /Users/mmittek/ArduinoGutts/Java/hardware/tools/avr/bin/../lib/gcc/avr/4.8.1/avr5/libgcc.a(_udivmodsi4.o)
 .bss           0x00800130        0x0 /Users/mmittek/ArduinoGutts/Java/hardware/tools/avr/bin/../lib/gcc/avr/4.8.1/avr5/libgcc.a(_exit.o)
 .bss           0x00800130        0x0 /Users/mmittek/ArduinoGutts/Java/hardware/tools/avr/bin/../lib/gcc/avr/4.8.1/avr5/libgcc.a(_tablejump.o)
 .bss           0x00800130        0x0 /Users/mmittek/ArduinoGutts/Java/hardware/tools/avr/bin/../lib/gcc/avr/4.8.1/avr5/libgcc.a(_copy_data.o)
 .bss           0x00800130        0x0 /Users/mmittek/ArduinoGutts/Java/hardware/tools/avr/bin/../lib/gcc/avr/4.8.1/avr5/libgcc.a(_clear_bss.o)
 .bss           0x00800130        0x0 /Users/mmittek/ArduinoGutts/Java/hardware/tools/avr/bin/../lib/gcc/avr/4.8.1/avr5/libgcc.a(_muluhisi3.o)
 .bss           0x00800130        0x0 /Users/mmittek/ArduinoGutts/Java/hardware/tools/avr/bin/../lib/gcc/avr/4.8.1/avr5/libgcc.a(_udivmodhi4.o)
 .bss           0x00800130        0x0 /Users/mmittek/ArduinoGutts/Java/hardware/tools/avr/bin/../lib/gcc/avr/4.8.1/avr5/libgcc.a(_umulhisi3.o)
 .bss           0x00800130        0x0 /Users/mmittek/ArduinoGutts/Java/hardware/tools/avr/bin/../lib/gcc/avr/4.8.1/../../../../avr/lib/avr5/libc.a(sprintf.o)
 .bss           0x00800130        0x0 /Users/mmittek/ArduinoGutts/Java/hardware/tools/avr/bin/../lib/gcc/avr/4.8.1/../../../../avr/lib/avr5/libc.a(vfprintf_std.o)
 .bss           0x00800130        0x0 /Users/mmittek/ArduinoGutts/Java/hardware/tools/avr/bin/../lib/gcc/avr/4.8.1/../../../../avr/lib/avr5/libc.a(strnlen_P.o)
 .bss           0x00800130        0x0 /Users/mmittek/ArduinoGutts/Java/hardware/tools/avr/bin/../lib/gcc/avr/4.8.1/../../../../avr/lib/avr5/libc.a(strnlen.o)
 .bss           0x00800130        0x0 /Users/mmittek/ArduinoGutts/Java/hardware/tools/avr/bin/../lib/gcc/avr/4.8.1/../../../../avr/lib/avr5/libc.a(fputc.o)
 .bss           0x00800130        0x0 /Users/mmittek/ArduinoGutts/Java/hardware/tools/avr/bin/../lib/gcc/avr/4.8.1/../../../../avr/lib/avr5/libc.a(ultoa_invert.o)
 .bss           0x00800130        0x0 /Users/mmittek/ArduinoGutts/Java/hardware/tools/avr/bin/../lib/gcc/avr/4.8.1/avr5/libgcc.a(_prologue.o)
 .bss           0x00800130        0x0 /Users/mmittek/ArduinoGutts/Java/hardware/tools/avr/bin/../lib/gcc/avr/4.8.1/avr5/libgcc.a(_epilogue.o)
 *(.bss*)
 .bss.ADC_Measurement
                0x00800130        0x2 ./ADC.o
                0x00800130                ADC_Measurement
 .bss.ADC_ConversionDone
                0x00800132        0x1 ./ADC.o
                0x00800132                ADC_ConversionDone
 .bss.PIND_prev
                0x00800133        0x1 ./main.o
                0x00800133                PIND_prev
 .bss.currentEventIdx
                0x00800134        0x1 ./main.o
                0x00800134                currentEventIdx
 .bss.crankTime
                0x00800135        0x4 ./main.o
                0x00800135                crankTime
 .bss.crankTicks
                0x00800139        0x4 ./main.o
                0x00800139                crankTicks
 .bss.PINB_prev
                0x0080013d        0x1 ./main.o
                0x0080013d                PINB_prev
 .bss.ref       0x0080013e        0x4 ./main.o
                0x0080013e                ref
 .bss.crankEvents
                0x00800142        0x2 ./main.o
                0x00800142                crankEvents
 .bss.syncCrankEvents
                0x00800144        0x2 ./main.o
                0x00800144                syncCrankEvents
 .bss.crankEventsArri
                0x00800146        0x1 ./main.o
                0x00800146                crankEventsArri
 .bss.ticksPerRotation
                0x00800147        0x2 ./main.o
                0x00800147                ticksPerRotation
 .bss.prevCrankEvent
                0x00800149        0x2 ./main.o
                0x00800149                prevCrankEvent
 .bss.cycleAngle
                0x0080014b        0x2 ./main.o
                0x0080014b                cycleAngle
 .bss.cycleTime
                0x0080014d        0x2 ./main.o
                0x0080014d                cycleTime
 .bss.running   0x0080014f        0x1 ./main.o
                0x0080014f                running
 .bss.rpm       0x00800150        0x2 ./main.o
                0x00800150                rpm
 .bss.now       0x00800152        0x2 ./main.o
                0x00800152                now
 .bss.nextEventAt
                0x00800154        0x2 ./main.o
                0x00800154                nextEventAt
 .bss.ticksPerDegree
                0x00800156        0x2 ./main.o
                0x00800156                ticksPerDegree
 .bss.ticks     0x00800158        0x4 ./main.o
                0x00800158                ticks
 *(COMMON)
 COMMON         0x0080015c       0x27 ./main.o
                0x0080015c                crankEventsArr
                0x00800161                myEvents
                0x00800181                meas
                0x00800183                PROVIDE (__bss_end, .)
                0x00000d6c                __data_load_start = LOADADDR (.data)
                0x00000d9c                __data_load_end = (__data_load_start + SIZEOF (.data))

.noinit         0x00800183        0x0
                0x00800183                PROVIDE (__noinit_start, .)
 *(.noinit*)
                0x00800183                PROVIDE (__noinit_end, .)
                0x00800183                _end = .
                0x00800183                PROVIDE (__heap_start, .)

.eeprom         0x00810000        0x0
 *(.eeprom*)
                0x00810000                __eeprom_end = .

.fuse
 *(.fuse)
 *(.lfuse)
 *(.hfuse)
 *(.efuse)

.lock
 *(.lock*)

.signature
 *(.signature*)

.stab
 *(.stab)

.stabstr
 *(.stabstr)

.stab.excl
 *(.stab.excl)

.stab.exclstr
 *(.stab.exclstr)

.stab.index
 *(.stab.index)

.stab.indexstr
 *(.stab.indexstr)

.comment        0x00000000       0x11
 *(.comment)
 .comment       0x00000000       0x11 ./ADC.o
                                 0x12 (size before relaxing)
 .comment       0x00000011       0x12 ./USART.o
 .comment       0x00000011       0x12 ./main.o
 .comment       0x00000011       0x12 /Users/mmittek/ArduinoGutts/Java/hardware/tools/avr/bin/../lib/gcc/avr/4.8.1/../../../../avr/lib/avr5/libc.a(sprintf.o)
 .comment       0x00000011       0x12 /Users/mmittek/ArduinoGutts/Java/hardware/tools/avr/bin/../lib/gcc/avr/4.8.1/../../../../avr/lib/avr5/libc.a(vfprintf_std.o)
 .comment       0x00000011       0x12 /Users/mmittek/ArduinoGutts/Java/hardware/tools/avr/bin/../lib/gcc/avr/4.8.1/../../../../avr/lib/avr5/libc.a(fputc.o)

.note.gnu.build-id
 *(.note.gnu.build-id)

.debug
 *(.debug)

.line
 *(.line)

.debug_srcinfo
 *(.debug_srcinfo)

.debug_sfnames
 *(.debug_sfnames)

.debug_aranges
 *(.debug_aranges)

.debug_pubnames
 *(.debug_pubnames)

.debug_info
 *(.debug_info .gnu.linkonce.wi.*)

.debug_abbrev
 *(.debug_abbrev)

.debug_line
 *(.debug_line .debug_line.* .debug_line_end)

.debug_frame
 *(.debug_frame)

.debug_str
 *(.debug_str)

.debug_loc
 *(.debug_loc)

.debug_macinfo
 *(.debug_macinfo)

.debug_weaknames
 *(.debug_weaknames)

.debug_funcnames
 *(.debug_funcnames)

.debug_typenames
 *(.debug_typenames)

.debug_varnames
 *(.debug_varnames)

.debug_pubtypes
 *(.debug_pubtypes)

.debug_ranges
 *(.debug_ranges)

.debug_macro
 *(.debug_macro)
OUTPUT(ECU.elf elf32-avr)
LOAD linker stubs
