Archive member included to satisfy reference by file (symbol)

/Users/mmittek/ArduinoGutts/Java/hardware/tools/avr/bin/../lib/gcc/avr/4.8.1/avr5/libgcc.a(_mulsi3.o)
                              ./main.o (__mulsi3)
/Users/mmittek/ArduinoGutts/Java/hardware/tools/avr/bin/../lib/gcc/avr/4.8.1/avr5/libgcc.a(_udivmodsi4.o)
                              ./main.o (__udivmodsi4)
/Users/mmittek/ArduinoGutts/Java/hardware/tools/avr/bin/../lib/gcc/avr/4.8.1/avr5/libgcc.a(_exit.o)
                              /Users/mmittek/ArduinoGutts/Java/hardware/tools/avr/bin/../lib/gcc/avr/4.8.1/../../../../avr/lib/avr5/crtm328p.o (exit)
/Users/mmittek/ArduinoGutts/Java/hardware/tools/avr/bin/../lib/gcc/avr/4.8.1/avr5/libgcc.a(_copy_data.o)
                              ./USART.o (__do_copy_data)
/Users/mmittek/ArduinoGutts/Java/hardware/tools/avr/bin/../lib/gcc/avr/4.8.1/avr5/libgcc.a(_clear_bss.o)
                              ./ADC.o (__do_clear_bss)
/Users/mmittek/ArduinoGutts/Java/hardware/tools/avr/bin/../lib/gcc/avr/4.8.1/avr5/libgcc.a(_muluhisi3.o)
                              /Users/mmittek/ArduinoGutts/Java/hardware/tools/avr/bin/../lib/gcc/avr/4.8.1/avr5/libgcc.a(_mulsi3.o) (__muluhisi3)
/Users/mmittek/ArduinoGutts/Java/hardware/tools/avr/bin/../lib/gcc/avr/4.8.1/avr5/libgcc.a(_umulhisi3.o)
                              /Users/mmittek/ArduinoGutts/Java/hardware/tools/avr/bin/../lib/gcc/avr/4.8.1/avr5/libgcc.a(_muluhisi3.o) (__umulhisi3)

Allocating common symbols
Common symbol       size              file

crankEventsArr      0x5               ./main.o
meas                0x2               ./main.o

Memory Configuration

Name             Origin             Length             Attributes
text             0x00000000         0x00020000         xr
data             0x00800060         0x0000ffa0         rw !x
eeprom           0x00810000         0x00010000         rw !x
fuse             0x00820000         0x00000400         rw !x
lock             0x00830000         0x00000400         rw !x
signature        0x00840000         0x00000400         rw !x
*default*        0x00000000         0xffffffff

Linker script and memory map

Address of section .data set to 0x800100
LOAD /Users/mmittek/ArduinoGutts/Java/hardware/tools/avr/bin/../lib/gcc/avr/4.8.1/../../../../avr/lib/avr5/crtm328p.o
LOAD ./ADC.o
LOAD ./USART.o
LOAD ./main.o
START GROUP
LOAD /Users/mmittek/ArduinoGutts/Java/hardware/tools/avr/bin/../lib/gcc/avr/4.8.1/avr5/libgcc.a
LOAD /Users/mmittek/ArduinoGutts/Java/hardware/tools/avr/bin/../lib/gcc/avr/4.8.1/../../../../avr/lib/avr5/libm.a
LOAD /Users/mmittek/ArduinoGutts/Java/hardware/tools/avr/bin/../lib/gcc/avr/4.8.1/../../../../avr/lib/avr5/libc.a
END GROUP

.hash
 *(.hash)

.dynsym
 *(.dynsym)

.dynstr
 *(.dynstr)

.gnu.version
 *(.gnu.version)

.gnu.version_d
 *(.gnu.version_d)

.gnu.version_r
 *(.gnu.version_r)

.rel.init
 *(.rel.init)

.rela.init
 *(.rela.init)

.rel.text
 *(.rel.text)
 *(.rel.text.*)
 *(.rel.gnu.linkonce.t*)

.rela.text
 *(.rela.text)
 *(.rela.text.*)
 *(.rela.gnu.linkonce.t*)

.rel.fini
 *(.rel.fini)

.rela.fini
 *(.rela.fini)

.rel.rodata
 *(.rel.rodata)
 *(.rel.rodata.*)
 *(.rel.gnu.linkonce.r*)

.rela.rodata
 *(.rela.rodata)
 *(.rela.rodata.*)
 *(.rela.gnu.linkonce.r*)

.rel.data
 *(.rel.data)
 *(.rel.data.*)
 *(.rel.gnu.linkonce.d*)

.rela.data
 *(.rela.data)
 *(.rela.data.*)
 *(.rela.gnu.linkonce.d*)

.rel.ctors
 *(.rel.ctors)

.rela.ctors
 *(.rela.ctors)

.rel.dtors
 *(.rel.dtors)

.rela.dtors
 *(.rela.dtors)

.rel.got
 *(.rel.got)

.rela.got
 *(.rela.got)

.rel.bss
 *(.rel.bss)

.rela.bss
 *(.rela.bss)

.rel.plt
 *(.rel.plt)

.rela.plt
 *(.rela.plt)

.text           0x00000000      0x4e4
 *(.vectors)
 .vectors       0x00000000       0x68 /Users/mmittek/ArduinoGutts/Java/hardware/tools/avr/bin/../lib/gcc/avr/4.8.1/../../../../avr/lib/avr5/crtm328p.o
                0x00000000                __vectors
                0x00000000                __vector_default
 *(.vectors)
 *(.progmem.gcc*)
                0x00000068                . = ALIGN (0x2)
                0x00000068                __trampolines_start = .
 *(.trampolines)
 .trampolines   0x00000068        0x0 linker stubs
 *(.trampolines*)
                0x00000068                __trampolines_end = .
 *(.progmem*)
                0x00000068                . = ALIGN (0x2)
 *(.jumptables)
 *(.jumptables*)
 *(.lowtext)
 *(.lowtext*)
                0x00000068                __ctors_start = .
 *(.ctors)
                0x00000068                __ctors_end = .
                0x00000068                __dtors_start = .
 *(.dtors)
                0x00000068                __dtors_end = .
 SORT(*)(.ctors)
 SORT(*)(.dtors)
 *(.init0)
 .init0         0x00000068        0x0 /Users/mmittek/ArduinoGutts/Java/hardware/tools/avr/bin/../lib/gcc/avr/4.8.1/../../../../avr/lib/avr5/crtm328p.o
                0x00000068                __init
 *(.init0)
 *(.init1)
 *(.init1)
 *(.init2)
 .init2         0x00000068        0xc /Users/mmittek/ArduinoGutts/Java/hardware/tools/avr/bin/../lib/gcc/avr/4.8.1/../../../../avr/lib/avr5/crtm328p.o
 *(.init2)
 *(.init3)
 *(.init3)
 *(.init4)
 .init4         0x00000074       0x16 /Users/mmittek/ArduinoGutts/Java/hardware/tools/avr/bin/../lib/gcc/avr/4.8.1/avr5/libgcc.a(_copy_data.o)
                0x00000074                __do_copy_data
 .init4         0x0000008a       0x10 /Users/mmittek/ArduinoGutts/Java/hardware/tools/avr/bin/../lib/gcc/avr/4.8.1/avr5/libgcc.a(_clear_bss.o)
                0x0000008a                __do_clear_bss
 *(.init4)
 *(.init5)
 *(.init5)
 *(.init6)
 *(.init6)
 *(.init7)
 *(.init7)
 *(.init8)
 *(.init8)
 *(.init9)
 .init9         0x0000009a        0x8 /Users/mmittek/ArduinoGutts/Java/hardware/tools/avr/bin/../lib/gcc/avr/4.8.1/../../../../avr/lib/avr5/crtm328p.o
 *(.init9)
 *(.text)
 .text          0x000000a2        0x4 /Users/mmittek/ArduinoGutts/Java/hardware/tools/avr/bin/../lib/gcc/avr/4.8.1/../../../../avr/lib/avr5/crtm328p.o
                0x000000a2                __vector_20
                0x000000a2                __vector_1
                0x000000a2                __vector_24
                0x000000a2                __vector_12
                0x000000a2                __bad_interrupt
                0x000000a2                __vector_6
                0x000000a2                __vector_23
                0x000000a2                __vector_25
                0x000000a2                __vector_17
                0x000000a2                __vector_19
                0x000000a2                __vector_4
                0x000000a2                __vector_9
                0x000000a2                __vector_2
                0x000000a2                __vector_15
                0x000000a2                __vector_8
                0x000000a2                __vector_14
                0x000000a2                __vector_10
                0x000000a2                __vector_18
                0x000000a2                __vector_22
 .text          0x000000a6        0x0 ./ADC.o
 .text          0x000000a6        0x0 ./USART.o
 .text          0x000000a6        0x0 ./main.o
 .text          0x000000a6        0x0 /Users/mmittek/ArduinoGutts/Java/hardware/tools/avr/bin/../lib/gcc/avr/4.8.1/avr5/libgcc.a(_mulsi3.o)
 .text          0x000000a6        0x0 /Users/mmittek/ArduinoGutts/Java/hardware/tools/avr/bin/../lib/gcc/avr/4.8.1/avr5/libgcc.a(_udivmodsi4.o)
 .text          0x000000a6        0x0 /Users/mmittek/ArduinoGutts/Java/hardware/tools/avr/bin/../lib/gcc/avr/4.8.1/avr5/libgcc.a(_exit.o)
 .text          0x000000a6        0x0 /Users/mmittek/ArduinoGutts/Java/hardware/tools/avr/bin/../lib/gcc/avr/4.8.1/avr5/libgcc.a(_copy_data.o)
 .text          0x000000a6        0x0 /Users/mmittek/ArduinoGutts/Java/hardware/tools/avr/bin/../lib/gcc/avr/4.8.1/avr5/libgcc.a(_clear_bss.o)
 .text          0x000000a6        0x0 /Users/mmittek/ArduinoGutts/Java/hardware/tools/avr/bin/../lib/gcc/avr/4.8.1/avr5/libgcc.a(_muluhisi3.o)
 .text          0x000000a6        0x0 /Users/mmittek/ArduinoGutts/Java/hardware/tools/avr/bin/../lib/gcc/avr/4.8.1/avr5/libgcc.a(_umulhisi3.o)
                0x000000a6                . = ALIGN (0x2)
 *(.text.*)
 .text.__vector_21
                0x000000a6       0x3a ./ADC.o
                0x000000a6                __vector_21
 .text.ADC_Init
                0x000000e0       0x1e ./ADC.o
                0x000000e0                ADC_Init
 .text.ADC_Convert
                0x000000fe       0x36 ./ADC.o
                0x000000fe                ADC_Convert
 .text.USART_Init
                0x00000134       0x18 ./USART.o
                0x00000134                USART_Init
 .text.USART_Transmit
                0x0000014c        0xe ./USART.o
                0x0000014c                USART_Transmit
 .text.USART_Print
                0x0000015a       0x18 ./USART.o
                0x0000015a                USART_Print
 .text.__vector_13
                0x00000172       0x1c ./main.o
                0x00000172                __vector_13
 .text.__vector_16
                0x0000018e       0x18 ./main.o
                0x0000018e                __vector_16
 .text.getNowTicks
                0x000001a6        0xe ./main.o
                0x000001a6                getNowTicks
 .text.__vector_3
                0x000001b4       0xd2 ./main.o
                0x000001b4                __vector_3
 .text.__vector_7
                0x00000286       0x1e ./main.o
                0x00000286                __vector_7
 .text.timer2_start
                0x000002a4       0x22 ./main.o
                0x000002a4                timer2_start
 .text.__vector_11
                0x000002c6       0x5c ./main.o
                0x000002c6                __vector_11
 .text.timer1_start
                0x00000322       0x22 ./main.o
                0x00000322                timer1_start
 .text.__vector_5
                0x00000344       0x86 ./main.o
                0x00000344                __vector_5
 .text.startup.main
                0x000003ca       0x7e ./main.o
                0x000003ca                main
 .text.libgcc.mul
                0x00000448       0x20 /Users/mmittek/ArduinoGutts/Java/hardware/tools/avr/bin/../lib/gcc/avr/4.8.1/avr5/libgcc.a(_mulsi3.o)
                0x00000448                __mulsi3
 .text.libgcc.div
                0x00000468        0x0 /Users/mmittek/ArduinoGutts/Java/hardware/tools/avr/bin/../lib/gcc/avr/4.8.1/avr5/libgcc.a(_mulsi3.o)
 .text.libgcc   0x00000468        0x0 /Users/mmittek/ArduinoGutts/Java/hardware/tools/avr/bin/../lib/gcc/avr/4.8.1/avr5/libgcc.a(_mulsi3.o)
 .text.libgcc.prologue
                0x00000468        0x0 /Users/mmittek/ArduinoGutts/Java/hardware/tools/avr/bin/../lib/gcc/avr/4.8.1/avr5/libgcc.a(_mulsi3.o)
 .text.libgcc.builtins
                0x00000468        0x0 /Users/mmittek/ArduinoGutts/Java/hardware/tools/avr/bin/../lib/gcc/avr/4.8.1/avr5/libgcc.a(_mulsi3.o)
 .text.libgcc.fmul
                0x00000468        0x0 /Users/mmittek/ArduinoGutts/Java/hardware/tools/avr/bin/../lib/gcc/avr/4.8.1/avr5/libgcc.a(_mulsi3.o)
 .text.libgcc.fixed
                0x00000468        0x0 /Users/mmittek/ArduinoGutts/Java/hardware/tools/avr/bin/../lib/gcc/avr/4.8.1/avr5/libgcc.a(_mulsi3.o)
 .text.libgcc.mul
                0x00000468        0x0 /Users/mmittek/ArduinoGutts/Java/hardware/tools/avr/bin/../lib/gcc/avr/4.8.1/avr5/libgcc.a(_udivmodsi4.o)
 .text.libgcc.div
                0x00000468       0x44 /Users/mmittek/ArduinoGutts/Java/hardware/tools/avr/bin/../lib/gcc/avr/4.8.1/avr5/libgcc.a(_udivmodsi4.o)
                0x00000468                __udivmodsi4
 .text.libgcc   0x000004ac        0x0 /Users/mmittek/ArduinoGutts/Java/hardware/tools/avr/bin/../lib/gcc/avr/4.8.1/avr5/libgcc.a(_udivmodsi4.o)
 .text.libgcc.prologue
                0x000004ac        0x0 /Users/mmittek/ArduinoGutts/Java/hardware/tools/avr/bin/../lib/gcc/avr/4.8.1/avr5/libgcc.a(_udivmodsi4.o)
 .text.libgcc.builtins
                0x000004ac        0x0 /Users/mmittek/ArduinoGutts/Java/hardware/tools/avr/bin/../lib/gcc/avr/4.8.1/avr5/libgcc.a(_udivmodsi4.o)
 .text.libgcc.fmul
                0x000004ac        0x0 /Users/mmittek/ArduinoGutts/Java/hardware/tools/avr/bin/../lib/gcc/avr/4.8.1/avr5/libgcc.a(_udivmodsi4.o)
 .text.libgcc.fixed
                0x000004ac        0x0 /Users/mmittek/ArduinoGutts/Java/hardware/tools/avr/bin/../lib/gcc/avr/4.8.1/avr5/libgcc.a(_udivmodsi4.o)
 .text.libgcc.mul
                0x000004ac        0x0 /Users/mmittek/ArduinoGutts/Java/hardware/tools/avr/bin/../lib/gcc/avr/4.8.1/avr5/libgcc.a(_exit.o)
 .text.libgcc.div
                0x000004ac        0x0 /Users/mmittek/ArduinoGutts/Java/hardware/tools/avr/bin/../lib/gcc/avr/4.8.1/avr5/libgcc.a(_exit.o)
 .text.libgcc   0x000004ac        0x0 /Users/mmittek/ArduinoGutts/Java/hardware/tools/avr/bin/../lib/gcc/avr/4.8.1/avr5/libgcc.a(_exit.o)
 .text.libgcc.prologue
                0x000004ac        0x0 /Users/mmittek/ArduinoGutts/Java/hardware/tools/avr/bin/../lib/gcc/avr/4.8.1/avr5/libgcc.a(_exit.o)
 .text.libgcc.builtins
                0x000004ac        0x0 /Users/mmittek/ArduinoGutts/Java/hardware/tools/avr/bin/../lib/gcc/avr/4.8.1/avr5/libgcc.a(_exit.o)
 .text.libgcc.fmul
                0x000004ac        0x0 /Users/mmittek/ArduinoGutts/Java/hardware/tools/avr/bin/../lib/gcc/avr/4.8.1/avr5/libgcc.a(_exit.o)
 .text.libgcc.fixed
                0x000004ac        0x0 /Users/mmittek/ArduinoGutts/Java/hardware/tools/avr/bin/../lib/gcc/avr/4.8.1/avr5/libgcc.a(_exit.o)
 .text.libgcc.mul
                0x000004ac        0x0 /Users/mmittek/ArduinoGutts/Java/hardware/tools/avr/bin/../lib/gcc/avr/4.8.1/avr5/libgcc.a(_copy_data.o)
 .text.libgcc.div
                0x000004ac        0x0 /Users/mmittek/ArduinoGutts/Java/hardware/tools/avr/bin/../lib/gcc/avr/4.8.1/avr5/libgcc.a(_copy_data.o)
 .text.libgcc   0x000004ac        0x0 /Users/mmittek/ArduinoGutts/Java/hardware/tools/avr/bin/../lib/gcc/avr/4.8.1/avr5/libgcc.a(_copy_data.o)
 .text.libgcc.prologue
                0x000004ac        0x0 /Users/mmittek/ArduinoGutts/Java/hardware/tools/avr/bin/../lib/gcc/avr/4.8.1/avr5/libgcc.a(_copy_data.o)
 .text.libgcc.builtins
                0x000004ac        0x0 /Users/mmittek/ArduinoGutts/Java/hardware/tools/avr/bin/../lib/gcc/avr/4.8.1/avr5/libgcc.a(_copy_data.o)
 .text.libgcc.fmul
                0x000004ac        0x0 /Users/mmittek/ArduinoGutts/Java/hardware/tools/avr/bin/../lib/gcc/avr/4.8.1/avr5/libgcc.a(_copy_data.o)
 .text.libgcc.fixed
                0x000004ac        0x0 /Users/mmittek/ArduinoGutts/Java/hardware/tools/avr/bin/../lib/gcc/avr/4.8.1/avr5/libgcc.a(_copy_data.o)
 .text.libgcc.mul
                0x000004ac        0x0 /Users/mmittek/ArduinoGutts/Java/hardware/tools/avr/bin/../lib/gcc/avr/4.8.1/avr5/libgcc.a(_clear_bss.o)
 .text.libgcc.div
                0x000004ac        0x0 /Users/mmittek/ArduinoGutts/Java/hardware/tools/avr/bin/../lib/gcc/avr/4.8.1/avr5/libgcc.a(_clear_bss.o)
 .text.libgcc   0x000004ac        0x0 /Users/mmittek/ArduinoGutts/Java/hardware/tools/avr/bin/../lib/gcc/avr/4.8.1/avr5/libgcc.a(_clear_bss.o)
 .text.libgcc.prologue
                0x000004ac        0x0 /Users/mmittek/ArduinoGutts/Java/hardware/tools/avr/bin/../lib/gcc/avr/4.8.1/avr5/libgcc.a(_clear_bss.o)
 .text.libgcc.builtins
                0x000004ac        0x0 /Users/mmittek/ArduinoGutts/Java/hardware/tools/avr/bin/../lib/gcc/avr/4.8.1/avr5/libgcc.a(_clear_bss.o)
 .text.libgcc.fmul
                0x000004ac        0x0 /Users/mmittek/ArduinoGutts/Java/hardware/tools/avr/bin/../lib/gcc/avr/4.8.1/avr5/libgcc.a(_clear_bss.o)
 .text.libgcc.fixed
                0x000004ac        0x0 /Users/mmittek/ArduinoGutts/Java/hardware/tools/avr/bin/../lib/gcc/avr/4.8.1/avr5/libgcc.a(_clear_bss.o)
 .text.libgcc.mul
                0x000004ac       0x16 /Users/mmittek/ArduinoGutts/Java/hardware/tools/avr/bin/../lib/gcc/avr/4.8.1/avr5/libgcc.a(_muluhisi3.o)
                0x000004ac                __muluhisi3
 .text.libgcc.div
                0x000004c2        0x0 /Users/mmittek/ArduinoGutts/Java/hardware/tools/avr/bin/../lib/gcc/avr/4.8.1/avr5/libgcc.a(_muluhisi3.o)
 .text.libgcc   0x000004c2        0x0 /Users/mmittek/ArduinoGutts/Java/hardware/tools/avr/bin/../lib/gcc/avr/4.8.1/avr5/libgcc.a(_muluhisi3.o)
 .text.libgcc.prologue
                0x000004c2        0x0 /Users/mmittek/ArduinoGutts/Java/hardware/tools/avr/bin/../lib/gcc/avr/4.8.1/avr5/libgcc.a(_muluhisi3.o)
 .text.libgcc.builtins
                0x000004c2        0x0 /Users/mmittek/ArduinoGutts/Java/hardware/tools/avr/bin/../lib/gcc/avr/4.8.1/avr5/libgcc.a(_muluhisi3.o)
 .text.libgcc.fmul
                0x000004c2        0x0 /Users/mmittek/ArduinoGutts/Java/hardware/tools/avr/bin/../lib/gcc/avr/4.8.1/avr5/libgcc.a(_muluhisi3.o)
 .text.libgcc.fixed
                0x000004c2        0x0 /Users/mmittek/ArduinoGutts/Java/hardware/tools/avr/bin/../lib/gcc/avr/4.8.1/avr5/libgcc.a(_muluhisi3.o)
 .text.libgcc.mul
                0x000004c2       0x1e /Users/mmittek/ArduinoGutts/Java/hardware/tools/avr/bin/../lib/gcc/avr/4.8.1/avr5/libgcc.a(_umulhisi3.o)
                0x000004c2                __umulhisi3
 .text.libgcc.div
                0x000004e0        0x0 /Users/mmittek/ArduinoGutts/Java/hardware/tools/avr/bin/../lib/gcc/avr/4.8.1/avr5/libgcc.a(_umulhisi3.o)
 .text.libgcc   0x000004e0        0x0 /Users/mmittek/ArduinoGutts/Java/hardware/tools/avr/bin/../lib/gcc/avr/4.8.1/avr5/libgcc.a(_umulhisi3.o)
 .text.libgcc.prologue
                0x000004e0        0x0 /Users/mmittek/ArduinoGutts/Java/hardware/tools/avr/bin/../lib/gcc/avr/4.8.1/avr5/libgcc.a(_umulhisi3.o)
 .text.libgcc.builtins
                0x000004e0        0x0 /Users/mmittek/ArduinoGutts/Java/hardware/tools/avr/bin/../lib/gcc/avr/4.8.1/avr5/libgcc.a(_umulhisi3.o)
 .text.libgcc.fmul
                0x000004e0        0x0 /Users/mmittek/ArduinoGutts/Java/hardware/tools/avr/bin/../lib/gcc/avr/4.8.1/avr5/libgcc.a(_umulhisi3.o)
 .text.libgcc.fixed
                0x000004e0        0x0 /Users/mmittek/ArduinoGutts/Java/hardware/tools/avr/bin/../lib/gcc/avr/4.8.1/avr5/libgcc.a(_umulhisi3.o)
                0x000004e0                . = ALIGN (0x2)
 *(.fini9)
 .fini9         0x000004e0        0x0 /Users/mmittek/ArduinoGutts/Java/hardware/tools/avr/bin/../lib/gcc/avr/4.8.1/avr5/libgcc.a(_exit.o)
                0x000004e0                exit
                0x000004e0                _exit
 *(.fini9)
 *(.fini8)
 *(.fini8)
 *(.fini7)
 *(.fini7)
 *(.fini6)
 *(.fini6)
 *(.fini5)
 *(.fini5)
 *(.fini4)
 *(.fini4)
 *(.fini3)
 *(.fini3)
 *(.fini2)
 *(.fini2)
 *(.fini1)
 *(.fini1)
 *(.fini0)
 .fini0         0x000004e0        0x4 /Users/mmittek/ArduinoGutts/Java/hardware/tools/avr/bin/../lib/gcc/avr/4.8.1/avr5/libgcc.a(_exit.o)
 *(.fini0)
                0x000004e4                _etext = .

.data           0x00800100       0x10 load address 0x000004e4
                0x00800100                PROVIDE (__data_start, .)
 *(.data)
 .data          0x00800100        0x0 /Users/mmittek/ArduinoGutts/Java/hardware/tools/avr/bin/../lib/gcc/avr/4.8.1/../../../../avr/lib/avr5/crtm328p.o
 .data          0x00800100        0x0 ./ADC.o
 .data          0x00800100        0x0 ./USART.o
 .data          0x00800100        0x0 ./main.o
 .data          0x00800100        0x0 /Users/mmittek/ArduinoGutts/Java/hardware/tools/avr/bin/../lib/gcc/avr/4.8.1/avr5/libgcc.a(_mulsi3.o)
 .data          0x00800100        0x0 /Users/mmittek/ArduinoGutts/Java/hardware/tools/avr/bin/../lib/gcc/avr/4.8.1/avr5/libgcc.a(_udivmodsi4.o)
 .data          0x00800100        0x0 /Users/mmittek/ArduinoGutts/Java/hardware/tools/avr/bin/../lib/gcc/avr/4.8.1/avr5/libgcc.a(_exit.o)
 .data          0x00800100        0x0 /Users/mmittek/ArduinoGutts/Java/hardware/tools/avr/bin/../lib/gcc/avr/4.8.1/avr5/libgcc.a(_copy_data.o)
 .data          0x00800100        0x0 /Users/mmittek/ArduinoGutts/Java/hardware/tools/avr/bin/../lib/gcc/avr/4.8.1/avr5/libgcc.a(_clear_bss.o)
 .data          0x00800100        0x0 /Users/mmittek/ArduinoGutts/Java/hardware/tools/avr/bin/../lib/gcc/avr/4.8.1/avr5/libgcc.a(_muluhisi3.o)
 .data          0x00800100        0x0 /Users/mmittek/ArduinoGutts/Java/hardware/tools/avr/bin/../lib/gcc/avr/4.8.1/avr5/libgcc.a(_umulhisi3.o)
 *(.data*)
 .data.currentState
                0x00800100        0x1 ./main.o
                0x00800100                currentState
 .data.ignitionTeeth
                0x00800101        0x4 ./main.o
                0x00800101                ignitionTeeth
 .data.ignitionAngles
                0x00800105        0x8 ./main.o
                0x00800105                ignitionAngles
 *(.rodata)
 *(.rodata*)
 .rodata.USART_MYUBRR
                0x0080010d        0x2 ./USART.o
                0x0080010d                USART_MYUBRR
 *(.gnu.linkonce.d*)
                0x00800110                . = ALIGN (0x2)
 *fill*         0x0080010f        0x1 
                0x00800110                _edata = .
                0x00800110                PROVIDE (__data_end, .)

.bss            0x00800110       0x36
                0x00800110                PROVIDE (__bss_start, .)
 *(.bss)
 .bss           0x00800110        0x0 /Users/mmittek/ArduinoGutts/Java/hardware/tools/avr/bin/../lib/gcc/avr/4.8.1/../../../../avr/lib/avr5/crtm328p.o
 .bss           0x00800110        0x0 ./ADC.o
 .bss           0x00800110        0x0 ./USART.o
 .bss           0x00800110        0x0 ./main.o
 .bss           0x00800110        0x0 /Users/mmittek/ArduinoGutts/Java/hardware/tools/avr/bin/../lib/gcc/avr/4.8.1/avr5/libgcc.a(_mulsi3.o)
 .bss           0x00800110        0x0 /Users/mmittek/ArduinoGutts/Java/hardware/tools/avr/bin/../lib/gcc/avr/4.8.1/avr5/libgcc.a(_udivmodsi4.o)
 .bss           0x00800110        0x0 /Users/mmittek/ArduinoGutts/Java/hardware/tools/avr/bin/../lib/gcc/avr/4.8.1/avr5/libgcc.a(_exit.o)
 .bss           0x00800110        0x0 /Users/mmittek/ArduinoGutts/Java/hardware/tools/avr/bin/../lib/gcc/avr/4.8.1/avr5/libgcc.a(_copy_data.o)
 .bss           0x00800110        0x0 /Users/mmittek/ArduinoGutts/Java/hardware/tools/avr/bin/../lib/gcc/avr/4.8.1/avr5/libgcc.a(_clear_bss.o)
 .bss           0x00800110        0x0 /Users/mmittek/ArduinoGutts/Java/hardware/tools/avr/bin/../lib/gcc/avr/4.8.1/avr5/libgcc.a(_muluhisi3.o)
 .bss           0x00800110        0x0 /Users/mmittek/ArduinoGutts/Java/hardware/tools/avr/bin/../lib/gcc/avr/4.8.1/avr5/libgcc.a(_umulhisi3.o)
 *(.bss*)
 .bss.ADC_Measurement
                0x00800110        0x2 ./ADC.o
                0x00800110                ADC_Measurement
 .bss.ADC_ConversionDone
                0x00800112        0x1 ./ADC.o
                0x00800112                ADC_ConversionDone
 .bss.PIND_prev
                0x00800113        0x1 ./main.o
                0x00800113                PIND_prev
 .bss.crankTime
                0x00800114        0x4 ./main.o
                0x00800114                crankTime
 .bss.crankTicks
                0x00800118        0x4 ./main.o
                0x00800118                crankTicks
 .bss.PINB_prev
                0x0080011c        0x1 ./main.o
                0x0080011c                PINB_prev
 .bss.ref       0x0080011d        0x4 ./main.o
                0x0080011d                ref
 .bss.crankEvents
                0x00800121        0x2 ./main.o
                0x00800121                crankEvents
 .bss.syncCrankEvents
                0x00800123        0x2 ./main.o
                0x00800123                syncCrankEvents
 .bss.fireAt    0x00800125        0x2 ./main.o
                0x00800125                fireAt
 .bss.dwellAt   0x00800127        0x2 ./main.o
                0x00800127                dwellAt
 .bss.crankEventsArri
                0x00800129        0x1 ./main.o
                0x00800129                crankEventsArri
 .bss.ticksPerRotation
                0x0080012a        0x2 ./main.o
                0x0080012a                ticksPerRotation
 .bss.prevCrankEvent
                0x0080012c        0x2 ./main.o
                0x0080012c                prevCrankEvent
 .bss.cycleAngle
                0x0080012e        0x2 ./main.o
                0x0080012e                cycleAngle
 .bss.cycleTime
                0x00800130        0x2 ./main.o
                0x00800130                cycleTime
 .bss.running   0x00800132        0x1 ./main.o
                0x00800132                running
 .bss.rpm       0x00800133        0x2 ./main.o
                0x00800133                rpm
 .bss.now       0x00800135        0x2 ./main.o
                0x00800135                now
 .bss.nextEventAt
                0x00800137        0x2 ./main.o
                0x00800137                nextEventAt
 .bss.ticksPerDegree
                0x00800139        0x2 ./main.o
                0x00800139                ticksPerDegree
 .bss.ticks     0x0080013b        0x4 ./main.o
                0x0080013b                ticks
 *(COMMON)
 COMMON         0x0080013f        0x7 ./main.o
                0x0080013f                crankEventsArr
                0x00800144                meas
                0x00800146                PROVIDE (__bss_end, .)
                0x000004e4                __data_load_start = LOADADDR (.data)
                0x000004f4                __data_load_end = (__data_load_start + SIZEOF (.data))

.noinit         0x00800146        0x0
                0x00800146                PROVIDE (__noinit_start, .)
 *(.noinit*)
                0x00800146                PROVIDE (__noinit_end, .)
                0x00800146                _end = .
                0x00800146                PROVIDE (__heap_start, .)

.eeprom         0x00810000        0x0
 *(.eeprom*)
                0x00810000                __eeprom_end = .

.fuse
 *(.fuse)
 *(.lfuse)
 *(.hfuse)
 *(.efuse)

.lock
 *(.lock*)

.signature
 *(.signature*)

.stab
 *(.stab)

.stabstr
 *(.stabstr)

.stab.excl
 *(.stab.excl)

.stab.exclstr
 *(.stab.exclstr)

.stab.index
 *(.stab.index)

.stab.indexstr
 *(.stab.indexstr)

.comment        0x00000000       0x11
 *(.comment)
 .comment       0x00000000       0x11 ./ADC.o
                                 0x12 (size before relaxing)
 .comment       0x00000011       0x12 ./USART.o
 .comment       0x00000011       0x12 ./main.o

.note.gnu.build-id
 *(.note.gnu.build-id)

.debug
 *(.debug)

.line
 *(.line)

.debug_srcinfo
 *(.debug_srcinfo)

.debug_sfnames
 *(.debug_sfnames)

.debug_aranges
 *(.debug_aranges)

.debug_pubnames
 *(.debug_pubnames)

.debug_info
 *(.debug_info .gnu.linkonce.wi.*)

.debug_abbrev
 *(.debug_abbrev)

.debug_line
 *(.debug_line .debug_line.* .debug_line_end)

.debug_frame
 *(.debug_frame)

.debug_str
 *(.debug_str)

.debug_loc
 *(.debug_loc)

.debug_macinfo
 *(.debug_macinfo)

.debug_weaknames
 *(.debug_weaknames)

.debug_funcnames
 *(.debug_funcnames)

.debug_typenames
 *(.debug_typenames)

.debug_varnames
 *(.debug_varnames)

.debug_pubtypes
 *(.debug_pubtypes)

.debug_ranges
 *(.debug_ranges)

.debug_macro
 *(.debug_macro)
OUTPUT(ECU.elf elf32-avr)
LOAD linker stubs
